 SANREMO

 Timestamp is 656d8554 (Mon Dec 04 08:52:52 2023)

 Preferred load address is 00400000

 Start         Length     Name                   Class
 0001:00000000 0000000cH .bss                    CODE
 0001:0000000c 00000602H .data                   CODE
 0001:00000610 00000046H .rdata                  CODE
 0001:00000660 00000000H .text                   CODE
 0001:00000660 00000004H CONST                   CODE
 0001:00000664 00000000H _BSS                    CODE
 0001:00000664 00000000H _DATA                   CODE
 0001:00000664 00000051H _LDATA                  CODE
 0001:000006c0 0000445cH _LTEXT                  CODE
 0001:00004b1c 00000000H _TLS                    CODE
 0002:00000000 00000880H _PTEXT                  CODE
 0003:00000000 00000016H _RCODE                  CODE

  Address         Publics by Value              Rva+Base   Lib:Object

 0001:00000000       _board_found               00401000   <common>
 0001:00000004       _LanceWrapperHandle        00401004   <common>
 0001:00000008       _LanceMacHandle            00401008   <common>
 0001:0000000c       _LanceGlobalSupportedOids  0040100c   request.obj
 0001:000000dc       _LanceProtocolSupportedOids 004010dc   request.obj
 0001:0000014c       _DefaultAdapterName        0040114c   lance.obj
 0001:00000180       _msg1                      00401180   lance.obj
 0001:00000190       _msg2                      00401190   lance.obj
 0001:0000019c       _msg3                      0040119c   lance.obj
 0001:000001a8       _msg4                      004011a8   lance.obj
 0001:000001b4       _msg5                      004011b4   lance.obj
 0001:000001c0       _msg6                      004011c0   lance.obj
 0001:000001cc       _msg7                      004011cc   lance.obj
 0001:000001e0       _msg8                      004011e0   lance.obj
 0001:00000218       _msg9                      00401218   lance.obj
 0001:0000024c       _msg10                     0040124c   lance.obj
 0001:0000027c       _msg11                     0040127c   lance.obj
 0001:000002b0       _msg12                     004012b0   lance.obj
 0001:000002f0       _msg13                     004012f0   lance.obj
 0001:00000308       _msg14                     00401308   lance.obj
 0001:00000320       _msg15                     00401320   lance.obj
 0001:00000334       _msg16                     00401334   lance.obj
 0001:00000360       _msg17                     00401360   lance.obj
 0001:0000038c       _msg18                     0040138c   lance.obj
 0001:000003a8       _msg19                     004013a8   lance.obj
 0001:000003dc       _msg20                     004013dc   lance.obj
 0001:000003f4       _msg21                     004013f4   lance.obj
 0001:00000424       _msg22                     00401424   lance.obj
 0001:00000454       _msg23                     00401454   lance.obj
 0001:00000484       _msg24                     00401484   lance.obj
 0001:00000488       _LanceHardwareConfig       00401488   lance.obj
 0001:0000048c       _LanceBaseAddress          0040148c   lance.obj
 0001:00000490       _LanceInterruptVector      00401490   lance.obj
 0001:00000494       _LanceDmaChannel           00401494   lance.obj
 0001:00000498       _BusScan                   00401498   lance.obj
 0001:0000049c       _BusTimer                  0040149c   lance.obj
 0001:000004a0       _led0                      004014a0   lance.obj
 0001:000004a4       _led1                      004014a4   lance.obj
 0001:000004a8       _led2                      004014a8   lance.obj
 0001:000004ac       _led3                      004014ac   lance.obj
 0001:000004b0       _burst                     004014b0   lance.obj
 0001:000004b4       _adapter_io                004014b4   lance.obj
 0001:000004f4       _adapter_irq               004014f4   lance.obj
 0001:00000504       _adapter_dma               00401504   lance.obj
 0001:00000544       _copyright                 00401544   lance.obj
 0001:00000610       _VendorDescription         00401610   request.obj
 0001:00000664       SANREMO_DDB                00401664   ndisdev.obj
 0001:000006b4       bInitAlready               004016b4   ndisdev.obj
 0001:000006c0       _AllocateAdapterMemory@4   004016c0 f alloc.obj
 0001:000007f0       _DeleteAdapterMemory@4     004017f0 f alloc.obj
 0001:00000840       _LanceInterruptService@4   00401840 f interrup.obj
 0001:00000a00       _LanceDeferredProcessing@16 00401a00 f interrup.obj
 0001:00000be0       _LanceTimerProcess@16      00401be0 f interrup.obj
 0001:00000eb0       _LanceLockUpDetectProcess@16 00401eb0 f interrup.obj
 0001:00000f90       _LanceProcessLoopback@4    00401f90 f loopback.obj
 0001:000010c0       _LancePutPacketOnLoopBack@8 004020c0 f loopback.obj
 0001:00001100       _LanceCopyFromPacketToBuffer@28 00402100 f packet.obj
 0001:000011e0       _LanceCopyFromBufferToPacket@20 004021e0 f packet.obj
 0001:000012c0       _LanceRequest@8            004022c0 f request.obj
 0001:000013a0       _LanceQueueRequest@8       004023a0 f request.obj
 0001:000013f0       _LanceProcessRequestQueue@4 004023f0 f request.obj
 0001:00001610       _LanceQueryGlobalStatistics@8 00402610 f request.obj
 0001:00001c20       _LanceChangeClass@20       00402c20 f request.obj
 0001:00001d00       _LanceChangeAddresses@28   00402d00 f request.obj
 0001:00001e50       _LanceCloseAction@4        00402e50 f request.obj
 0001:00001e60       _DriverEntry@8             00402e60 f lance.obj
 0001:00002af0       _LanceInitializeChip@4     00403af0 f lance.obj
 0001:00002b20       _LanceSynchInterruptWithStart@4 00403b20 f lance.obj
 0001:00002bf0       _LanceInit@4               00403bf0 f lance.obj
 0001:00002c20       _LanceStartChip@4          00403c20 f lance.obj
 0001:00002d50       _LanceStopChip@4           00403d50 f lance.obj
 0001:00003240       _StartAdapterReset@4       00404240 f lance.obj
 0001:00003300       _SetupRegistersAndInit@4   00404300 f lance.obj
 0001:00003890       _check_conflict@12         00404890 f lance.obj
 0001:00003920       _LanceSend@8               00404920 f send.obj
 0001:00003e80       _SendSynchronizeWithInterrupt@4 00404e80 f send.obj
 0001:00003f00       _LanceProcessSendPacketQueue@4 00404f00 f send.obj
 0001:00003fd0       _LancePutPacketOnSendPacketQueue@8 00404fd0 f send.obj
 0001:00004010       _LanceSendImmediate@4      00405010 f send.obj
 0001:00004400       _LanceTransferData@24      00405400 f transfer.obj
 0001:000044d0       C_Device_Init              004054d0 f ndisdev.obj
 0001:000044f9       SANREMO_Control            004054f9 f ndisdev.obj
 0001:00004578       _NdisRawWritePortBufferUchar@12 00405578   libndis:ndismac.obj
 0001:0000458c       _NdisRawWritePortBufferUshort@12 0040558c   libndis:ndismac.obj
 0001:000045a1       _NdisRawWritePortBufferUlong@12 004055a1   libndis:ndismac.obj
 0001:000045b5       _NdisRawReadPortBufferUchar@12 004055b5   libndis:ndismac.obj
 0001:000045c9       _NdisRawReadPortBufferUshort@12 004055c9   libndis:ndismac.obj
 0001:000045de       _NdisRawReadPortBufferUlong@12 004055de   libndis:ndismac.obj
 0001:000045f2       _NdisInitializeWrapper@16  004055f2   libndis:ndismac.obj
 0001:000045f8       _NdisTerminateWrapper@8    004055f8   libndis:ndismac.obj
 0001:000045fe       _NdisRegisterMac@24        004055fe   libndis:ndismac.obj
 0001:00004604       _NdisDeregisterMac@8       00405604   libndis:ndismac.obj
 0001:0000460a       _NdisRegisterAdapter@24    0040560a   libndis:ndismac.obj
 0001:00004610       _NdisDeregisterAdapter@4   00405610   libndis:ndismac.obj
 0001:00004616       _NdisCompleteOpenAdapter@12 00405616   libndis:ndismac.obj
 0001:0000461c       _NdisCompleteCloseAdapter@8 0040561c   libndis:ndismac.obj
 0001:00004622       _NdisCompleteSend@12       00405622   libndis:ndismac.obj
 0001:00004628       _NdisCompleteTransferData@16 00405628   libndis:ndismac.obj
 0001:0000462e       _NdisCompleteReset@8       0040562e   libndis:ndismac.obj
 0001:00004634       _NdisCompleteRequest@12    00405634   libndis:ndismac.obj
 0001:0000463a       _NdisIndicateReceive@32    0040563a   libndis:ndismac.obj
 0001:00004640       _NdisIndicateReceiveComplete@4 00405640   libndis:ndismac.obj
 0001:00004646       _NdisIndicateStatus@16     00405646   libndis:ndismac.obj
 0001:0000464c       _NdisIndicateStatusComplete@4 0040564c   libndis:ndismac.obj
 0001:00004652       _NdisCompleteQueryStatistics@12 00405652   libndis:ndismac.obj
 0001:00004658       _NdisReadMcaPosInformation@16 00405658   libndis:ndismac.obj
 0001:0000465e       _NdisReadEisaSlotInformation@16 0040565e   libndis:ndismac.obj
 0001:00004664       _NdisReadNetworkAddress@16 00405664   libndis:ndismac.obj
 0001:0000466a       _NdisAllocateSharedMemory@20 0040566a   libndis:ndismac.obj
 0001:00004670       _NdisFreeSharedMemory@20   00405670   libndis:ndismac.obj
 0001:00004676       _NdisReleaseAdapterResources@4 00405676   libndis:ndismac.obj
 0001:0000467c       _WrapperDelayBinding@4     0040567c   libndis:ndismac.obj
 0001:00004682       _WrapperResumeBinding@4    00405682   libndis:ndismac.obj
 0001:00004688       _WrapperRemoveChildren@4   00405688   libndis:ndismac.obj
 0001:0000468e       _NdisImmediateReadPciSlotInformation@20 0040568e   libndis:ndismac.obj
 0001:00004694       _NdisImmediateWritePciSlotInformation@20 00405694   libndis:ndismac.obj
 0001:0000469a       _NdisReadPciSlotInformation@20 0040569a   libndis:ndismac.obj
 0001:000046a0       _NdisWritePciSlotInformation@20 004056a0   libndis:ndismac.obj
 0001:000046a6       _NdisPciAssignResources@20 004056a6   libndis:ndismac.obj
 0001:000046ac       _WrapperQueryAdapterResources 004056ac   libndis:ndismac.obj
 0001:000046c0       _EthFilterIndicateReceive@32 004056c0   libndis:efilter.obj
 0001:000046f0       _EthFilterDprIndicateReceive@32 004056f0   libndis:efilter.obj
 0001:000048a0       _EthFilterIndicateReceiveComplete@4 004058a0   libndis:efilter.obj
 0001:000048b0       _EthFilterDprIndicateReceiveComplete@4 004058b0   libndis:efilter.obj
 0001:00004940       _EthShouldAddressLoopBack@8 00405940   libndis:efilter.obj
 0001:000049b0       _NdisGetVersion@0          004059b0   libndis:ndisos.obj
 0001:000049b6       _NdisSetTimer@8            004059b6   libndis:ndisos.obj
 0001:000049bc       _NdisCancelTimer@8         004059bc   libndis:ndisos.obj
 0001:000049c2       _NdisInitializeInterrupt@40 004059c2   libndis:ndisos.obj
 0001:000049c8       _NdisRemoveInterrupt@4     004059c8   libndis:ndisos.obj
 0001:000049ce       _NdisSynchronizeWithInterrupt@12 004059ce   libndis:ndisos.obj
 0001:000049d4       _NdisStallExecution@4      004059d4   libndis:ndisos.obj
 0001:000049da       _NdisAllocateMemory@16     004059da   libndis:ndisos.obj
 0001:000049e0       _NdisFreeMemory@12         004059e0   libndis:ndisos.obj
 0001:000049e6       _NdisAllocatePacketPool@16 004059e6   libndis:ndisos.obj
 0001:000049ec       _NdisFreePacketPool@4      004059ec   libndis:ndisos.obj
 0001:000049f2       _NdisAllocatePacket@12     004059f2   libndis:ndisos.obj
 0001:000049f8       _NdisReinitializePacket@4  004059f8   libndis:ndisos.obj
 0001:000049fe       _NdisFreePacket@4          004059fe   libndis:ndisos.obj
 0001:00004a04       _NdisQueryPacket@20        00405a04   libndis:ndisos.obj
 0001:00004a0a       _NdisAllocateBufferPool@12 00405a0a   libndis:ndisos.obj
 0001:00004a10       _NdisFreeBufferPool@4      00405a10   libndis:ndisos.obj
 0001:00004a16       _NdisAllocateBuffer@20     00405a16   libndis:ndisos.obj
 0001:00004a1c       _NdisCopyBuffer@24         00405a1c   libndis:ndisos.obj
 0001:00004a22       _NdisFreeBuffer@4          00405a22   libndis:ndisos.obj
 0001:00004a28       _NdisQueryBuffer@12        00405a28   libndis:ndisos.obj
 0001:00004a2e       _NdisGetBufferPhysicalAddress@12 00405a2e   libndis:ndisos.obj
 0001:00004a34       _NdisChainBufferAtFront@8  00405a34   libndis:ndisos.obj
 0001:00004a3a       _NdisChainBufferAtBack@8   00405a3a   libndis:ndisos.obj
 0001:00004a40       _NdisUnchainBufferAtFront@8 00405a40   libndis:ndisos.obj
 0001:00004a46       _NdisUnchainBufferAtBack@8 00405a46   libndis:ndisos.obj
 0001:00004a4c       _NdisGetNextBuffer@8       00405a4c   libndis:ndisos.obj
 0001:00004a52       _NdisCopyFromPacketToPacket@24 00405a52   libndis:ndisos.obj
 0001:00004a58       _NdisOpenConfiguration@12  00405a58   libndis:ndisos.obj
 0001:00004a5e       _NdisReadConfiguration@20  00405a5e   libndis:ndisos.obj
 0001:00004a64       _NdisCloseConfiguration@4  00405a64   libndis:ndisos.obj
 0001:00004a6a       _NdisEqualString@12        00405a6a   libndis:ndisos.obj
 0001:00004a70       _NdisOpenFile@20           00405a70   libndis:ndisos.obj
 0001:00004a76       _NdisMapFile@12            00405a76   libndis:ndisos.obj
 0001:00004a7c       _NdisUnmapFile@4           00405a7c   libndis:ndisos.obj
 0001:00004a82       _NdisCloseFile@4           00405a82   libndis:ndisos.obj
 0001:00004a88       _NdisAllocateDmaChannel@20 00405a88   libndis:ndisos.obj
 0001:00004a8e       _NdisSetupDmaTransfer@24   00405a8e   libndis:ndisos.obj
 0001:00004a94       _NdisCompleteDmaTransfer@24 00405a94   libndis:ndisos.obj
 0001:00004a9a       _NdisReadDmaCounter@4      00405a9a   libndis:ndisos.obj
 0001:00004aa0       _NdisFreeDmaChannel@4      00405aa0   libndis:ndisos.obj
 0001:00004aa6       _NdisMapIoSpace@20         00405aa6   libndis:ndisos.obj
 0001:00004aac       _NdisWriteErrorLogEntry    00405aac   libndis:ndisos.obj
 0001:00004ab2       _NdisRegAdaptShutdown@12   00405ab2   libndis:ndisos.obj
 0001:00004ab8       _NdisDeregAdaptShutdown@4  00405ab8   libndis:ndisos.obj
 0001:00004ac0       _NdisMoveMemory@12         00405ac0   libndis:ndishlp.obj
 0001:00004ae0       _MoveOverlappedMemory@12   00405ae0   libndis:ndishlp.obj
 0002:00000000       _EthCreateFilter@28        00405c00   libndis:efilter.obj
 0002:00000120       _EthDeleteFilter@4         00405d20   libndis:efilter.obj
 0002:00000170       _EthNoteFilterOpenAdapter@16 00405d70   libndis:efilter.obj
 0002:00000240       _EthDeleteFilterOpenAdapter@12 00405e40 f libndis:efilter.obj
 0002:00000300       _EthChangeFilterAddresses@24 00405f00   libndis:efilter.obj
 0002:000005e0       _EthFilterAdjust@20        004061e0   libndis:efilter.obj
 0002:00000660       _EthNumberOfOpenFilterAddresses@8 00406260   libndis:efilter.obj
 0002:000006a0       _EthQueryOpenFilterAddresses@24 004062a0   libndis:efilter.obj
 0002:00000760       _EthQueryGlobalFilterAddresses@20 00406360   libndis:efilter.obj
 0003:00000000       MAC_Real_Init              00406600 f ndisdev.obj

 entry point at        0003:00000000

 Static symbols

 0001:000006b4       $$$00001                   004016b4 f ndisdev.obj
 0001:000006b5       $$$00002                   004016b5 f ndisdev.obj
 0001:000044d0       $$$00003                   004054d0 f ndisdev.obj
 0001:000044f9       $$$00005                   004054f9 f ndisdev.obj
 0001:000044f9       $$$00006                   004054f9 f ndisdev.obj
 0001:00004576       $$$00008                   00405576 f ndisdev.obj
 0001:00004576       $$$00009                   00405576 f ndisdev.obj
 0003:00000000       $$$00010                   00406600 f ndisdev.obj
 0003:00000016       $$$00012                   00406616 f ndisdev.obj
 0001:00003b10       _DeterminePacketAddressing@20 00404b10 f send.obj
 0001:00003bf0       _TransmitPacket@16         00404bf0 f send.obj
 0001:000040d0       _LanceProcessSendPacketImmediately@12 004050d0 f send.obj
 0001:00001f40       _LanceAddAdapter@12        00402f40 f lance.obj
 0001:00002330       _scan_mca@8                00403330 f lance.obj
 0001:000023d0       _sanremo_init@8            004033d0 f lance.obj
 0001:00002550       _LanceRegisterAdapter@20   00403550 f lance.obj
 0001:00002cf0       _mca_enable_disable_dma@8  00403cf0 f lance.obj
 0001:00002db0       _LanceOpenAdapter@36       00403db0 f lance.obj
 0001:00002f10       _LanceCloseAdapter@4       00403f10 f lance.obj
 0001:00002fc0       _LanceUnload@4             00403fc0 f lance.obj
 0001:00002ff0       _LanceRemoveAdapter@4      00403ff0 f lance.obj
 0001:00003100       _LanceReset@4              00404100 f lance.obj
 0001:000036f0       _SetupForReset@8           004046f0 f lance.obj
 0001:00003770       _LanceHardwareDetails@8    00404770 f lance.obj
 0001:000038e0       _LanceShutdown@4           004048e0 f lance.obj
 0001:000016b0       _LanceQueryInformation@32  004026b0 f request.obj
 0001:00001ab0       _LanceSetInformation@28    00402ab0 f request.obj
 0001:00001c60       _ChangeClassDispatch@12    00402c60 f request.obj
 0001:00001d80       _ChangeAddressDispatch@12  00402d80 f request.obj
 0001:00001e00       _CalculateCRC@8            00402e00 f request.obj
 0001:00000ca0       _ProcessReceiveInterrupts@4 00401ca0 f interrup.obj
 0001:00000ed0       _LanceTimerProcessNoLock@4 00401ed0 f interrup.obj

FIXUPS: 6060 ffffffb1 ffffffca ffffffdf 3f6 ffffb345 3f fd 40ee ffffffb3
FIXUPS: 58a8 ffffffd6 ffffffe3 ffffffc0 ffffffa5 ffffff1e 86b ffffffe8
FIXUPS: 5ed9 ffffffe9 ffffffb4 ffffffe1 ffffff41 ffffffc4 fffffff6 ffffffea
FIXUPS: 5ca2 fffffff3 ffffffde ffffffea ffffffbc 6e7 fffffebf fffffff2
FIXUPS: 613a ffffffec ffffff72 ffffc0d1 17 3d 4c 1a 21 17 3d fffffd5a 11
FIXUPS: 2051 2d f 15 fffff9b4 6 a0 10 5f 20 76 1c 33 a 36 13d f4 30 1c
FIXUPS: 1f40 a 36 3fb 64 6e 26 28 23 14 a 28 1e 82 19 8f 47 17e 150 3b
FIXUPS: 29c7 78 d1 45 62 58 3a 78 e d 6d d 60 fffff376 22 1e91 29 17 a
FIXUPS: 402f 28 f 9 c 6 c 58 a0 9 1c 6 6 1d 21 9 4d 32 4c 433 4c 41 2d
FIXUPS: 4829 c4 1b ffffda14 1f 1691 10 48 9 10 f 9 f f 23 14 f 10 30 6
FIXUPS: 3b07 6 8a 62 6 8 8 89 c4 45 6a 80 13 4e 65 49 37 ffffeeb5 9f de
FIXUPS: 302a 28 28 29 9a 3b 3b 3b 3b 39 51 17 7e 1c3 5c 6e 5c 17 20 10
FIXUPS: 36a3 24 261 d f f 4c 15 9 1b2f ffffff58 1c 53 fffff4c4 40 62 3c
FIXUPS: 4a7b 6c 58 19 120 17 e 13 2cb d 11 9b 1c 33 a 36 dc e 13 d8 23
FIXUPS: 52ea 14 ffffdb79
